// Jest Snapshot v1, https://goo.gl/fbAQLP

exports[`sortByFields should ignore nonexisting parameters 1`] = `
Array [
  Object {
    "line": 3,
    "page": 2,
    "test": "B",
  },
  Object {
    "line": 1,
    "page": 1,
    "test": "a",
  },
  Object {
    "line": 2,
    "page": 1,
    "test": "A",
  },
  Object {
    "line": 4,
    "page": 1,
    "test": 2,
  },
  Object {
    "line": 4,
    "page": 1,
    "test": 1,
  },
]
`;

exports[`sortByFields should ignore null direction 1`] = `
Array [
  Object {
    "line": 1,
    "page": 1,
    "test": "a",
  },
  Object {
    "line": 2,
    "page": 1,
    "test": "A",
  },
  Object {
    "line": 3,
    "page": 2,
    "test": "B",
  },
  Object {
    "line": 4,
    "page": 1,
    "test": 2,
  },
  Object {
    "line": 4,
    "page": 1,
    "test": 1,
  },
]
`;

exports[`sortByFields should return sort by page ASC 1`] = `
Array [
  Object {
    "line": 1,
    "page": 1,
    "test": "a",
  },
  Object {
    "line": 2,
    "page": 1,
    "test": "A",
  },
  Object {
    "line": 4,
    "page": 1,
    "test": 2,
  },
  Object {
    "line": 4,
    "page": 1,
    "test": 1,
  },
  Object {
    "line": 3,
    "page": 2,
    "test": "B",
  },
]
`;

exports[`sortByFields should return sort by page ASC 2`] = `
Array [
  Object {
    "line": 1,
    "page": 1,
    "test": "a",
  },
  Object {
    "line": 2,
    "page": 1,
    "test": "A",
  },
  Object {
    "line": 4,
    "page": 1,
    "test": 2,
  },
  Object {
    "line": 4,
    "page": 1,
    "test": 1,
  },
  Object {
    "line": 3,
    "page": 2,
    "test": "B",
  },
]
`;

exports[`sortByFields should return sort by page ASC AND line ASC 1`] = `
Array [
  Object {
    "line": 1,
    "page": 1,
    "test": "a",
  },
  Object {
    "line": 2,
    "page": 1,
    "test": "A",
  },
  Object {
    "line": 4,
    "page": 1,
    "test": 2,
  },
  Object {
    "line": 4,
    "page": 1,
    "test": 1,
  },
  Object {
    "line": 3,
    "page": 2,
    "test": "B",
  },
]
`;

exports[`sortByFields should return sort by page ASC AND line ASC 2`] = `
Array [
  Object {
    "line": 1,
    "page": 1,
    "test": "a",
  },
  Object {
    "line": 2,
    "page": 1,
    "test": "A",
  },
  Object {
    "line": 4,
    "page": 1,
    "test": 2,
  },
  Object {
    "line": 4,
    "page": 1,
    "test": 1,
  },
  Object {
    "line": 3,
    "page": 2,
    "test": "B",
  },
]
`;

exports[`sortByFields should return sort by page ASC AND line DESC 1`] = `
Array [
  Object {
    "line": 4,
    "page": 1,
    "test": 2,
  },
  Object {
    "line": 4,
    "page": 1,
    "test": 1,
  },
  Object {
    "line": 2,
    "page": 1,
    "test": "A",
  },
  Object {
    "line": 1,
    "page": 1,
    "test": "a",
  },
  Object {
    "line": 3,
    "page": 2,
    "test": "B",
  },
]
`;

exports[`sortByFields should return sort by page DESC 1`] = `
Array [
  Object {
    "line": 3,
    "page": 2,
    "test": "B",
  },
  Object {
    "line": 1,
    "page": 1,
    "test": "a",
  },
  Object {
    "line": 2,
    "page": 1,
    "test": "A",
  },
  Object {
    "line": 4,
    "page": 1,
    "test": 2,
  },
  Object {
    "line": 4,
    "page": 1,
    "test": 1,
  },
]
`;

exports[`sortByFields should return sort by page DESC AND line ASC 1`] = `
Array [
  Object {
    "line": 3,
    "page": 2,
    "test": "B",
  },
  Object {
    "line": 1,
    "page": 1,
    "test": "a",
  },
  Object {
    "line": 2,
    "page": 1,
    "test": "A",
  },
  Object {
    "line": 4,
    "page": 1,
    "test": 2,
  },
  Object {
    "line": 4,
    "page": 1,
    "test": 1,
  },
]
`;

exports[`sortByFields should return sort by page DESC AND line DESC 1`] = `
Array [
  Object {
    "line": 3,
    "page": 2,
    "test": "B",
  },
  Object {
    "line": 4,
    "page": 1,
    "test": 2,
  },
  Object {
    "line": 4,
    "page": 1,
    "test": 1,
  },
  Object {
    "line": 2,
    "page": 1,
    "test": "A",
  },
  Object {
    "line": 1,
    "page": 1,
    "test": "a",
  },
]
`;

exports[`sortByFields should return sort by test DESC AND case sensitive 1`] = `
Array [
  Object {
    "line": 1,
    "page": 1,
    "test": "a",
  },
  Object {
    "line": 3,
    "page": 2,
    "test": "B",
  },
  Object {
    "line": 2,
    "page": 1,
    "test": "A",
  },
  Object {
    "line": 4,
    "page": 1,
    "test": 2,
  },
  Object {
    "line": 4,
    "page": 1,
    "test": 1,
  },
]
`;

exports[`sortByFields should return sort by test DESC AND not case sensitive 1`] = `
Array [
  Object {
    "line": 3,
    "page": 2,
    "test": "B",
  },
  Object {
    "line": 1,
    "page": 1,
    "test": "a",
  },
  Object {
    "line": 2,
    "page": 1,
    "test": "A",
  },
  Object {
    "line": 4,
    "page": 1,
    "test": 2,
  },
  Object {
    "line": 4,
    "page": 1,
    "test": 1,
  },
]
`;
